src/components/shared/ProtectedRoute.tsx(1,1): error TS6133: 'Navigate' is declared but its value is never read.
src/components/shared/ProtectedRoute.tsx(5,11): error TS6198: All destructured elements are unused.
src/components/sound-therapy/CategoryPills.tsx(2,10): error TS1484: 'SoundCategory' is a type and must be imported using a type-only import when 'verbatimModuleSyntax' is enabled.
src/components/sound-therapy/FullScreenPlayer.tsx(7,37): error TS6133: 'SkipBack' is declared but its value is never read.
src/components/sound-therapy/FullScreenPlayer.tsx(7,47): error TS6133: 'SkipForward' is declared but its value is never read.
src/components/sound-therapy/FullScreenPlayer.tsx(10,28): error TS6133: 'DailogHeader' is declared but its value is never read.
src/components/sound-therapy/FullScreenPlayer.tsx(10,42): error TS6133: 'DialogTitle' is declared but its value is never read.
src/components/sound-therapy/FullScreenPlayer.tsx(11,20): error TS6133: 'DialogDescription' is declared but its value is never read.
src/components/sound-therapy/FullScreenPlayer.tsx(11,39): error TS6133: 'DialogClose' is declared but its value is never read.
src/components/sound-therapy/FullScreenPlayer.tsx(12,8): error TS2307: Cannot find module '@/components/ui/dialog' or its corresponding type declarations.
src/components/sound-therapy/FullScreenPlayer.tsx(13,48): error TS6133: 'DrawerClose' is declared but its value is never read.
src/components/sound-therapy/FullScreenPlayer.tsx(13,67): error TS2307: Cannot find module '@/components/ui/drawer' or its corresponding type declarations.
src/components/sound-therapy/FullScreenPlayer.tsx(38,12): error TS6133: 'showMixer' is declared but its value is never read.
src/components/sound-therapy/FullScreenPlayer.tsx(38,23): error TS6133: 'setShowMixer' is declared but its value is never read.
src/components/sound-therapy/MiniPlayer.tsx(3,23): error TS6133: 'ChevronUp' is declared but its value is never read.
src/components/sound-therapy/SoundCard.tsx(1,10): error TS1484: 'SoundTrack' is a type and must be imported using a type-only import when 'verbatimModuleSyntax' is enabled.
src/components/sound-therapy/SoundCard.tsx(2,23): error TS6133: 'Plus' is declared but its value is never read.
src/components/sound-therapy/SoundCard.tsx(15,11): error TS6133: 'isPlaying' is declared but its value is never read.
src/context/SoundTherapyContext.tsx(1,47): error TS6133: 'useRef' is declared but its value is never read.
src/data/sound-therapy.ts(31,7): error TS6133: 'PLACEHOLDER_AUDIO' is declared but its value is never read.
src/pages/MusicLounge.tsx(8,27): error TS6133: 'Moon' is declared but its value is never read.
src/pages/MusicLounge.tsx(8,33): error TS6133: 'Sun' is declared but its value is never read.
src/pages/MusicLounge.tsx(8,38): error TS6133: 'CloudRain' is declared but its value is never read.
src/pages/MusicLounge.tsx(9,1): error TS6133: 'Button' is declared but its value is never read.
